[VSEmbed] Starting extraction for: https://vsembed.ru/embed/movie?tmdb=198471
[VSEmbed] Fetching: https://vsembed.ru/embed/movie?tmdb=198471 (Ref: https://vsembed.ru/)
[VSEmbed] Fallback: Found simple iframe: https://cloudnestra.com/rcp/N2E1Njc5ZGZmYTM4YjdiODgwNWEyN2I2ZWE0NWJjMTU6TWxOWE1YTXhWR3hhVlhobGMwaE5NVzEwTTJKM09VNVRTREZOYUZwQk0yeFhaMVpzU1VneWMwNDNNazFEUldKcldHbHlTR294TVRreWJFRXZNRmRIWkVOUVFVd3hlV0owUkdrdlRHcHRWR05OTUdOMFpqTktkV3BzUmxaeFVYWjBjM2h3T1U5Wk5Hb3hVakUwT1VWTmVVTXhWSGhzTUUxaVUxVjFkR2gwUlRoaEszbFJha0ppYlRORmF6QkZRblpVYlZKTFRteHZha0pIUnpGa2JXMDFTalZ2Vm1Gc1QzVk1NV1IzUWpObmVIQk5LMFJHU3pGck1rZzJPRE50ZWxGdWFYTmxjREpxYmxwMVJYcEROMHhoVmtRNFZqZGlNa2xKVG5nMWJWTmhlRXhqZEVacFJYTkxVM0JRTDJsS1pHNXZZbWhNT1hsVFFXdHhjamgxTkRseWRtdFphbWR6WmxnME1GVTFkU3RhU210bVFqUTJZa3RGWTNSRFMyaEZVVGRhUTBGc1lqWlZUV05rWjNBemFYSnhMMXBqYlRGaWJETTNTMGt3VDNSVFdrdEZZMkpaU25aME5rUnhSek15SzI5ek9VSlpXRlYyYWxwTU1uSkhhMUZXU0dOblltWkZjM0ZTUXpOamNDOHZRV2RGTURSdVZHWkphRkU0ZW5NdlQza3JabVV6ZEd3eEswSXhSMko2YW5wMGNIYzFPVUo0UzIwelIwcHVSbU42UWpBeVYxTmpaQzlxYzNOVVkzTlhXVnA2Wm5nemQzVkVkMFJtT0RSUVdrVXJlVlYwTm1KMUsxbFZkRzkwT0ZOMVFqSm9lVWwxWnpWTE9WRkVhbGcyTW1Sb2FUbElNM1pzUTFKRVozWjFOblJ2V2k5UVpqZDZlVEZIYjBGbVNEUmFSM1ZRYUZBMFJFZFNXbnBOUmxBM1YxVnpPV2hzZVZac01qVTRTQ3M1UTJSV1kzQkZTVGh2V2pBMGEySlRiVEpETm1kaU5VSkJWbVpNV1d0MWRUTTBURTkwUmxSWVptRkdUVEJrWjNaNFN5OVBTbFJZVWs5ck1VcG9jRmhVUVhCNU1qVkVNMDlUY0hWdFVXOUtkblI0VDB4aFIxbGpNMHd3T0V0VE0wVnZkWEpGSzFCaVpHNVFiWEY2TjNVNFl6VnRjalUwYjFSNVVsQkpWVmRzY1RsYVRXazJMekJSWkhRME4yUkRSV2d6TjBWbGRYazNSbFk1VldwSFNqaEJSalpyTVZSQlFWaGlWVGh4VG5sbFlTOHpUa1ZITUZsSVoySmhZVGRDVmpKb1FVOXdhRU5xTm5GNVVrbFBabmhVYmsxTFVVSXJVVFI1Y0hsaGJrNVllVzVJY0U1V1NtazBVbkJ3TkdGclFVSmFVemgxWW1GeWRVeEhPRWREZVhCdVYyeFRiSFIwYTJwMFVHbDRSbGRFWVZFdlVHVkpSM2xwVUdVelNpOXlTemRNZEdKT04yNXRVMU0xTjFwM1pXdHVSVmM1VjFWYVpsZEJVbWRwY2tOS2EwUkViVW93VGtVcmVYZHRUVlpZSzJoNlkzVlJhMWd2VFROa05HOUNRMEYyWWxCRVkwNXhOMnBuTjA5TlRGbElVR2cyVG10dmFrMVRlazVWVm14MFMyUldLMjkwYzJoMGIyeGlNV2x4YUhBdmRuQmlPVUpNWlRFNWJYcGlObGRSTWxGUFdVUmphMDFQUkZkYVkyWm9Ta1ZZVjFKaFlrSnZOWGN3TkVKSk1FWmlWRkJVTmtRM2FuRnRSMHBoVEVrdmNuVkNVSGhKTlROb1JuSjNjU3RYWnpoMlVVRnVZV1p5WmpOWlluUXpSMmgyVjB4QlV5dHhZM2N2YUVjelptRTJSalJGUW1GU2ExUjZabnBrVVhsb1JVRlFkMlZ4WXk4elJqRkplVTFoU21WSlpIZGlRVVY1Wkd4MFFtaGtjbFZYU2s5b2JHdDVXVVJwWkZCUWVrZ3hRWFI0ZW5KVlJHbG5WVEZwZEZGdmNHMURabEkwU1dkTk1IZG9Va0k1T0VoalRFUTRaazg0V205Qk1rbEZaRzlsWTFsaWVuTnZOa3R3WTJoS2QwSnVWR294ZUUxS04zTllRbXMwY2xWNFdXSkVha2hRV2xWS2RqazFOVTFTY0dkYWQwY3ZOMmxFYlRGSmRuTjNORXRXZUhCMk1YRlZUR2M0UmprMVRIYzlQUT09
[VSEmbed] Decoded Cloudnestra hash to: 7a5679dffa38b7b8805a27b6ea45bc15:MlNXMXMxVGxaVXhlc0hNMW10M2J3OU5TSDFNaFpBM2xXZ1ZsSUgyc043Mk1DRWJrWGlySGoxMTkybEEvMFdHZENQQUwxeWJ0RGkvTGptVGNNMGN0ZjNKdWpsRlZxUXZ0c3hwOU9ZNGoxUjE0OUVNeUMxVHhsME1iU1V1dGh0RThhK3lRakJibTNFazBFQnZUbVJLTmxvakJHRzFkbW01SjVvVmFsT3VMMWR3QjNneHBNK0RGSzFrMkg2ODNtelFuaXNlcDJqblp1RXpDN0xhVkQ4VjdiMklJTng1bVNheExjdEZpRXNLU3BQL2lKZG5vYmhMOXlTQWtxcjh1NDlydmtZamdzZlg0MFU1dStaSmtmQjQ2YktFY3RDS2hFUTdaQ0FsYjZVTWNkZ3AzaXJxL1pjbTFibDM3S0kwT3RTWktFY2JZSnZ0NkRxRzMyK29zOUJZWFV2alpMMnJHa1FWSGNnYmZFc3FSQzNjcC8vQWdFMDRuVGZJaFE4enMvT3krZmUzdGwxK0IxR2J6anp0cHc1OUJ4S20zR0puRmN6QjAyV1NjZC9qc3NUY3NXWVp6Zngzd3VEd0RmODRQWkUreVV0NmJ1K1lVdG90OFN1QjJoeUl1ZzVLOVFEalg2MmRoaTlIM3ZsQ1JEZ3Z1NnRvWi9QZjd6eTFHb0FmSDRaR3VQaFA0REdSWnpNRlA3V1VzOWhseVZsMjU4SCs5Q2RWY3BFSThvWjA0a2JTbTJDNmdiNUJBVmZMWWt1dTM0TE90RlRYZmFGTTBkZ3Z4Sy9PSlRYUk9rMUpocFhUQXB5MjVEM09TcHVtUW9KdnR4T0xhR1ljM0wwOEtTM0VvdXJFK1BiZG5QbXF6N3U4YzVtcjU0b1R5UlBJVVdscTlaTWk2LzBRZHQ0N2RDRWgzN0VldXk3RlY5VWpHSjhBRjZrMVRBQVhiVThxTnllYS8zTkVHMFlIZ2JhYTdCVjJoQU9waENqNnF5UklPZnhUbk1LUUIrUTR5cHlhbk5YeW5IcE5WSmk0UnBwNGFrQUJaUzh1YmFydUxHOEdDeXBuV2xTbHR0a2p0UGl4RldEYVEvUGVJR3lpUGUzSi9ySzdMdGJON25tU1M1N1p3ZWtuRVc5V1VaZldBUmdpckNKa0REbUowTkUreXdtTVZYK2h6Y3VRa1gvTTNkNG9CQ0F2YlBEY05xN2pnN09NTFlIUGg2Tmtvak1Tek5VVmx0S2RWK290c2h0b2xiMWlxaHAvdnBiOUJMZTE5bXpiNldRMlFPWURja01PRFdaY2ZoSkVYV1JhYkJvNXcwNEJJMEZiVFBUNkQ3anFtR0phTEkvcnVCUHhJNTNoRnJ3cStXZzh2UUFuYWZyZjNZYnQzR2h2V0xBUytxY3cvaEczZmE2RjRFQmFSa1R6ZnpkUXloRUFQd2VxYy8zRjFJeU1hSmVJZHdiQUV5ZGx0QmhkclVXSk9obGt5WURpZFBQekgxQXR4enJVRGlnVTFpdFFvcG1DZlI0SWdNMHdoUkI5OEhjTEQ4Zk84Wm9BMklFZG9lY1lienNvNktwY2hKd0JuVGoxeE1KN3NYQms0clV4WWJEakhQWlVKdjk1NU1ScGdad0cvN2lEbTFJdnN3NEtWeHB2MXFVTGc4Rjk1THc9PQ==
[VSEmbed] Prorcp URL: https://cloudnestra.com/prorcp/7a5679dffa38b7b8805a27b6ea45bc15:MlNXMXMxVGxaVXhlc0hNMW10M2J3OU5TSDFNaFpBM2xXZ1ZsSUgyc043Mk1DRWJrWGlySGoxMTkybEEvMFdHZENQQUwxeWJ0RGkvTGptVGNNMGN0ZjNKdWpsRlZxUXZ0c3hwOU9ZNGoxUjE0OUVNeUMxVHhsME1iU1V1dGh0RThhK3lRakJibTNFazBFQnZUbVJLTmxvakJHRzFkbW01SjVvVmFsT3VMMWR3QjNneHBNK0RGSzFrMkg2ODNtelFuaXNlcDJqblp1RXpDN0xhVkQ4VjdiMklJTng1bVNheExjdEZpRXNLU3BQL2lKZG5vYmhMOXlTQWtxcjh1NDlydmtZamdzZlg0MFU1dStaSmtmQjQ2YktFY3RDS2hFUTdaQ0FsYjZVTWNkZ3AzaXJxL1pjbTFibDM3S0kwT3RTWktFY2JZSnZ0NkRxRzMyK29zOUJZWFV2alpMMnJHa1FWSGNnYmZFc3FSQzNjcC8vQWdFMDRuVGZJaFE4enMvT3krZmUzdGwxK0IxR2J6anp0cHc1OUJ4S20zR0puRmN6QjAyV1NjZC9qc3NUY3NXWVp6Zngzd3VEd0RmODRQWkUreVV0NmJ1K1lVdG90OFN1QjJoeUl1ZzVLOVFEalg2MmRoaTlIM3ZsQ1JEZ3Z1NnRvWi9QZjd6eTFHb0FmSDRaR3VQaFA0REdSWnpNRlA3V1VzOWhseVZsMjU4SCs5Q2RWY3BFSThvWjA0a2JTbTJDNmdiNUJBVmZMWWt1dTM0TE90RlRYZmFGTTBkZ3Z4Sy9PSlRYUk9rMUpocFhUQXB5MjVEM09TcHVtUW9KdnR4T0xhR1ljM0wwOEtTM0VvdXJFK1BiZG5QbXF6N3U4YzVtcjU0b1R5UlBJVVdscTlaTWk2LzBRZHQ0N2RDRWgzN0VldXk3RlY5VWpHSjhBRjZrMVRBQVhiVThxTnllYS8zTkVHMFlIZ2JhYTdCVjJoQU9waENqNnF5UklPZnhUbk1LUUIrUTR5cHlhbk5YeW5IcE5WSmk0UnBwNGFrQUJaUzh1YmFydUxHOEdDeXBuV2xTbHR0a2p0UGl4RldEYVEvUGVJR3lpUGUzSi9ySzdMdGJON25tU1M1N1p3ZWtuRVc5V1VaZldBUmdpckNKa0REbUowTkUreXdtTVZYK2h6Y3VRa1gvTTNkNG9CQ0F2YlBEY05xN2pnN09NTFlIUGg2Tmtvak1Tek5VVmx0S2RWK290c2h0b2xiMWlxaHAvdnBiOUJMZTE5bXpiNldRMlFPWURja01PRFdaY2ZoSkVYV1JhYkJvNXcwNEJJMEZiVFBUNkQ3anFtR0phTEkvcnVCUHhJNTNoRnJ3cStXZzh2UUFuYWZyZjNZYnQzR2h2V0xBUytxY3cvaEczZmE2RjRFQmFSa1R6ZnpkUXloRUFQd2VxYy8zRjFJeU1hSmVJZHdiQUV5ZGx0QmhkclVXSk9obGt5WURpZFBQekgxQXR4enJVRGlnVTFpdFFvcG1DZlI0SWdNMHdoUkI5OEhjTEQ4Zk84Wm9BMklFZG9lY1lienNvNktwY2hKd0JuVGoxeE1KN3NYQms0clV4WWJEakhQWlVKdjk1NU1ScGdad0cvN2lEbTFJdnN3NEtWeHB2MXFVTGc4Rjk1THc9PQ==
[VSEmbed] Fetching: https://cloudnestra.com/prorcp/7a5679dffa38b7b8805a27b6ea45bc15:MlNXMXMxVGxaVXhlc0hNMW10M2J3OU5TSDFNaFpBM2xXZ1ZsSUgyc043Mk1DRWJrWGlySGoxMTkybEEvMFdHZENQQUwxeWJ0RGkvTGptVGNNMGN0ZjNKdWpsRlZxUXZ0c3hwOU9ZNGoxUjE0OUVNeUMxVHhsME1iU1V1dGh0RThhK3lRakJibTNFazBFQnZUbVJLTmxvakJHRzFkbW01SjVvVmFsT3VMMWR3QjNneHBNK0RGSzFrMkg2ODNtelFuaXNlcDJqblp1RXpDN0xhVkQ4VjdiMklJTng1bVNheExjdEZpRXNLU3BQL2lKZG5vYmhMOXlTQWtxcjh1NDlydmtZamdzZlg0MFU1dStaSmtmQjQ2YktFY3RDS2hFUTdaQ0FsYjZVTWNkZ3AzaXJxL1pjbTFibDM3S0kwT3RTWktFY2JZSnZ0NkRxRzMyK29zOUJZWFV2alpMMnJHa1FWSGNnYmZFc3FSQzNjcC8vQWdFMDRuVGZJaFE4enMvT3krZmUzdGwxK0IxR2J6anp0cHc1OUJ4S20zR0puRmN6QjAyV1NjZC9qc3NUY3NXWVp6Zngzd3VEd0RmODRQWkUreVV0NmJ1K1lVdG90OFN1QjJoeUl1ZzVLOVFEalg2MmRoaTlIM3ZsQ1JEZ3Z1NnRvWi9QZjd6eTFHb0FmSDRaR3VQaFA0REdSWnpNRlA3V1VzOWhseVZsMjU4SCs5Q2RWY3BFSThvWjA0a2JTbTJDNmdiNUJBVmZMWWt1dTM0TE90RlRYZmFGTTBkZ3Z4Sy9PSlRYUk9rMUpocFhUQXB5MjVEM09TcHVtUW9KdnR4T0xhR1ljM0wwOEtTM0VvdXJFK1BiZG5QbXF6N3U4YzVtcjU0b1R5UlBJVVdscTlaTWk2LzBRZHQ0N2RDRWgzN0VldXk3RlY5VWpHSjhBRjZrMVRBQVhiVThxTnllYS8zTkVHMFlIZ2JhYTdCVjJoQU9waENqNnF5UklPZnhUbk1LUUIrUTR5cHlhbk5YeW5IcE5WSmk0UnBwNGFrQUJaUzh1YmFydUxHOEdDeXBuV2xTbHR0a2p0UGl4RldEYVEvUGVJR3lpUGUzSi9ySzdMdGJON25tU1M1N1p3ZWtuRVc5V1VaZldBUmdpckNKa0REbUowTkUreXdtTVZYK2h6Y3VRa1gvTTNkNG9CQ0F2YlBEY05xN2pnN09NTFlIUGg2Tmtvak1Tek5VVmx0S2RWK290c2h0b2xiMWlxaHAvdnBiOUJMZTE5bXpiNldRMlFPWURja01PRFdaY2ZoSkVYV1JhYkJvNXcwNEJJMEZiVFBUNkQ3anFtR0phTEkvcnVCUHhJNTNoRnJ3cStXZzh2UUFuYWZyZjNZYnQzR2h2V0xBUytxY3cvaEczZmE2RjRFQmFSa1R6ZnpkUXloRUFQd2VxYy8zRjFJeU1hSmVJZHdiQUV5ZGx0QmhkclVXSk9obGt5WURpZFBQekgxQXR4enJVRGlnVTFpdFFvcG1DZlI0SWdNMHdoUkI5OEhjTEQ4Zk84Wm9BMklFZG9lY1lienNvNktwY2hKd0JuVGoxeE1KN3NYQms0clV4WWJEakhQWlVKdjk1NU1ScGdad0cvN2lEbTFJdnN3NEtWeHB2MXFVTGc4Rjk1THc9PQ== (Ref: https://cloudnestra.com/rcp/N2E1Njc5ZGZmYTM4YjdiODgwNWEyN2I2ZWE0NWJjMTU6TWxOWE1YTXhWR3hhVlhobGMwaE5NVzEwTTJKM09VNVRTREZOYUZwQk0yeFhaMVpzU1VneWMwNDNNazFEUldKcldHbHlTR294TVRreWJFRXZNRmRIWkVOUVFVd3hlV0owUkdrdlRHcHRWR05OTUdOMFpqTktkV3BzUmxaeFVYWjBjM2h3T1U5Wk5Hb3hVakUwT1VWTmVVTXhWSGhzTUUxaVUxVjFkR2gwUlRoaEszbFJha0ppYlRORmF6QkZRblpVYlZKTFRteHZha0pIUnpGa2JXMDFTalZ2Vm1Gc1QzVk1NV1IzUWpObmVIQk5LMFJHU3pGck1rZzJPRE50ZWxGdWFYTmxjREpxYmxwMVJYcEROMHhoVmtRNFZqZGlNa2xKVG5nMWJWTmhlRXhqZEVacFJYTkxVM0JRTDJsS1pHNXZZbWhNT1hsVFFXdHhjamgxTkRseWRtdFphbWR6WmxnME1GVTFkU3RhU210bVFqUTJZa3RGWTNSRFMyaEZVVGRhUTBGc1lqWlZUV05rWjNBemFYSnhMMXBqYlRGaWJETTNTMGt3VDNSVFdrdEZZMkpaU25aME5rUnhSek15SzI5ek9VSlpXRlYyYWxwTU1uSkhhMUZXU0dOblltWkZjM0ZTUXpOamNDOHZRV2RGTURSdVZHWkphRkU0ZW5NdlQza3JabVV6ZEd3eEswSXhSMko2YW5wMGNIYzFPVUo0UzIwelIwcHVSbU42UWpBeVYxTmpaQzlxYzNOVVkzTlhXVnA2Wm5nemQzVkVkMFJtT0RSUVdrVXJlVlYwTm1KMUsxbFZkRzkwT0ZOMVFqSm9lVWwxWnpWTE9WRkVhbGcyTW1Sb2FUbElNM1pzUTFKRVozWjFOblJ2V2k5UVpqZDZlVEZIYjBGbVNEUmFSM1ZRYUZBMFJFZFNXbnBOUmxBM1YxVnpPV2hzZVZac01qVTRTQ3M1UTJSV1kzQkZTVGh2V2pBMGEySlRiVEpETm1kaU5VSkJWbVpNV1d0MWRUTTBURTkwUmxSWVptRkdUVEJrWjNaNFN5OVBTbFJZVWs5ck1VcG9jRmhVUVhCNU1qVkVNMDlUY0hWdFVXOUtkblI0VDB4aFIxbGpNMHd3T0V0VE0wVnZkWEpGSzFCaVpHNVFiWEY2TjNVNFl6VnRjalUwYjFSNVVsQkpWVmRzY1RsYVRXazJMekJSWkhRME4yUkRSV2d6TjBWbGRYazNSbFk1VldwSFNqaEJSalpyTVZSQlFWaGlWVGh4VG5sbFlTOHpUa1ZITUZsSVoySmhZVGRDVmpKb1FVOXdhRU5xTm5GNVVrbFBabmhVYmsxTFVVSXJVVFI1Y0hsaGJrNVllVzVJY0U1V1NtazBVbkJ3TkdGclFVSmFVemgxWW1GeWRVeEhPRWREZVhCdVYyeFRiSFIwYTJwMFVHbDRSbGRFWVZFdlVHVkpSM2xwVUdVelNpOXlTemRNZEdKT04yNXRVMU0xTjFwM1pXdHVSVmM1VjFWYVpsZEJVbWRwY2tOS2EwUkViVW93VGtVcmVYZHRUVlpZSzJoNlkzVlJhMWd2VFROa05HOUNRMEYyWWxCRVkwNXhOMnBuTjA5TlRGbElVR2cyVG10dmFrMVRlazVWVm14MFMyUldLMjkwYzJoMGIyeGlNV2x4YUhBdmRuQmlPVUpNWlRFNWJYcGlObGRSTWxGUFdVUmphMDFQUkZkYVkyWm9Ta1ZZVjFKaFlrSnZOWGN3TkVKSk1FWmlWRkJVTmtRM2FuRnRSMHBoVEVrdmNuVkNVSGhKTlROb1JuSjNjU3RYWnpoMlVVRnVZV1p5WmpOWlluUXpSMmgyVjB4QlV5dHhZM2N2YUVjelptRTJSalJGUW1GU2ExUjZabnBrVVhsb1JVRlFkMlZ4WXk4elJqRkplVTFoU21WSlpIZGlRVVY1Wkd4MFFtaGtjbFZYU2s5b2JHdDVXVVJwWkZCUWVrZ3hRWFI0ZW5KVlJHbG5WVEZwZEZGdmNHMURabEkwU1dkTk1IZG9Va0k1T0VoalRFUTRaazg0V205Qk1rbEZaRzlsWTFsaWVuTnZOa3R3WTJoS2QwSnVWR294ZUUxS04zTllRbXMwY2xWNFdXSkVha2hRV2xWS2RqazFOVTFTY0dkYWQwY3ZOMmxFYlRGSmRuTjNORXRXZUhCMk1YRlZUR2M0UmprMVRIYzlQUT09)
[VSEmbed] Extraction failed: Failed to fetch https://cloudnestra.com/prorcp/7a5679dffa38b7b8805a27b6ea45bc15:MlNXMXMxVGxaVXhlc0hNMW10M2J3OU5TSDFNaFpBM2xXZ1ZsSUgyc043Mk1DRWJrWGlySGoxMTkybEEvMFdHZENQQUwxeWJ0RGkvTGptVGNNMGN0ZjNKdWpsRlZxUXZ0c3hwOU9ZNGoxUjE0OUVNeUMxVHhsME1iU1V1dGh0RThhK3lRakJibTNFazBFQnZUbVJLTmxvakJHRzFkbW01SjVvVmFsT3VMMWR3QjNneHBNK0RGSzFrMkg2ODNtelFuaXNlcDJqblp1RXpDN0xhVkQ4VjdiMklJTng1bVNheExjdEZpRXNLU3BQL2lKZG5vYmhMOXlTQWtxcjh1NDlydmtZamdzZlg0MFU1dStaSmtmQjQ2YktFY3RDS2hFUTdaQ0FsYjZVTWNkZ3AzaXJxL1pjbTFibDM3S0kwT3RTWktFY2JZSnZ0NkRxRzMyK29zOUJZWFV2alpMMnJHa1FWSGNnYmZFc3FSQzNjcC8vQWdFMDRuVGZJaFE4enMvT3krZmUzdGwxK0IxR2J6anp0cHc1OUJ4S20zR0puRmN6QjAyV1NjZC9qc3NUY3NXWVp6Zngzd3VEd0RmODRQWkUreVV0NmJ1K1lVdG90OFN1QjJoeUl1ZzVLOVFEalg2MmRoaTlIM3ZsQ1JEZ3Z1NnRvWi9QZjd6eTFHb0FmSDRaR3VQaFA0REdSWnpNRlA3V1VzOWhseVZsMjU4SCs5Q2RWY3BFSThvWjA0a2JTbTJDNmdiNUJBVmZMWWt1dTM0TE90RlRYZmFGTTBkZ3Z4Sy9PSlRYUk9rMUpocFhUQXB5MjVEM09TcHVtUW9KdnR4T0xhR1ljM0wwOEtTM0VvdXJFK1BiZG5QbXF6N3U4YzVtcjU0b1R5UlBJVVdscTlaTWk2LzBRZHQ0N2RDRWgzN0VldXk3RlY5VWpHSjhBRjZrMVRBQVhiVThxTnllYS8zTkVHMFlIZ2JhYTdCVjJoQU9waENqNnF5UklPZnhUbk1LUUIrUTR5cHlhbk5YeW5IcE5WSmk0UnBwNGFrQUJaUzh1YmFydUxHOEdDeXBuV2xTbHR0a2p0UGl4RldEYVEvUGVJR3lpUGUzSi9ySzdMdGJON25tU1M1N1p3ZWtuRVc5V1VaZldBUmdpckNKa0REbUowTkUreXdtTVZYK2h6Y3VRa1gvTTNkNG9CQ0F2YlBEY05xN2pnN09NTFlIUGg2Tmtvak1Tek5VVmx0S2RWK290c2h0b2xiMWlxaHAvdnBiOUJMZTE5bXpiNldRMlFPWURja01PRFdaY2ZoSkVYV1JhYkJvNXcwNEJJMEZiVFBUNkQ3anFtR0phTEkvcnVCUHhJNTNoRnJ3cStXZzh2UUFuYWZyZjNZYnQzR2h2V0xBUytxY3cvaEczZmE2RjRFQmFSa1R6ZnpkUXloRUFQd2VxYy8zRjFJeU1hSmVJZHdiQUV5ZGx0QmhkclVXSk9obGt5WURpZFBQekgxQXR4enJVRGlnVTFpdFFvcG1DZlI0SWdNMHdoUkI5OEhjTEQ4Zk84Wm9BMklFZG9lY1lienNvNktwY2hKd0JuVGoxeE1KN3NYQms0clV4WWJEakhQWlVKdjk1NU1ScGdad0cvN2lEbTFJdnN3NEtWeHB2MXFVTGc4Rjk1THc9PQ==: 404 Not Found
Test Failed: Error: Failed to fetch https://cloudnestra.com/prorcp/7a5679dffa38b7b8805a27b6ea45bc15:MlNXMXMxVGxaVXhlc0hNMW10M2J3OU5TSDFNaFpBM2xXZ1ZsSUgyc043Mk1DRWJrWGlySGoxMTkybEEvMFdHZENQQUwxeWJ0RGkvTGptVGNNMGN0ZjNKdWpsRlZxUXZ0c3hwOU9ZNGoxUjE0OUVNeUMxVHhsME1iU1V1dGh0RThhK3lRakJibTNFazBFQnZUbVJLTmxvakJHRzFkbW01SjVvVmFsT3VMMWR3QjNneHBNK0RGSzFrMkg2ODNtelFuaXNlcDJqblp1RXpDN0xhVkQ4VjdiMklJTng1bVNheExjdEZpRXNLU3BQL2lKZG5vYmhMOXlTQWtxcjh1NDlydmtZamdzZlg0MFU1dStaSmtmQjQ2YktFY3RDS2hFUTdaQ0FsYjZVTWNkZ3AzaXJxL1pjbTFibDM3S0kwT3RTWktFY2JZSnZ0NkRxRzMyK29zOUJZWFV2alpMMnJHa1FWSGNnYmZFc3FSQzNjcC8vQWdFMDRuVGZJaFE4enMvT3krZmUzdGwxK0IxR2J6anp0cHc1OUJ4S20zR0puRmN6QjAyV1NjZC9qc3NUY3NXWVp6Zngzd3VEd0RmODRQWkUreVV0NmJ1K1lVdG90OFN1QjJoeUl1ZzVLOVFEalg2MmRoaTlIM3ZsQ1JEZ3Z1NnRvWi9QZjd6eTFHb0FmSDRaR3VQaFA0REdSWnpNRlA3V1VzOWhseVZsMjU4SCs5Q2RWY3BFSThvWjA0a2JTbTJDNmdiNUJBVmZMWWt1dTM0TE90RlRYZmFGTTBkZ3Z4Sy9PSlRYUk9rMUpocFhUQXB5MjVEM09TcHVtUW9KdnR4T0xhR1ljM0wwOEtTM0VvdXJFK1BiZG5QbXF6N3U4YzVtcjU0b1R5UlBJVVdscTlaTWk2LzBRZHQ0N2RDRWgzN0VldXk3RlY5VWpHSjhBRjZrMVRBQVhiVThxTnllYS8zTkVHMFlIZ2JhYTdCVjJoQU9waENqNnF5UklPZnhUbk1LUUIrUTR5cHlhbk5YeW5IcE5WSmk0UnBwNGFrQUJaUzh1YmFydUxHOEdDeXBuV2xTbHR0a2p0UGl4RldEYVEvUGVJR3lpUGUzSi9ySzdMdGJON25tU1M1N1p3ZWtuRVc5V1VaZldBUmdpckNKa0REbUowTkUreXdtTVZYK2h6Y3VRa1gvTTNkNG9CQ0F2YlBEY05xN2pnN09NTFlIUGg2Tmtvak1Tek5VVmx0S2RWK290c2h0b2xiMWlxaHAvdnBiOUJMZTE5bXpiNldRMlFPWURja01PRFdaY2ZoSkVYV1JhYkJvNXcwNEJJMEZiVFBUNkQ3anFtR0phTEkvcnVCUHhJNTNoRnJ3cStXZzh2UUFuYWZyZjNZYnQzR2h2V0xBUytxY3cvaEczZmE2RjRFQmFSa1R6ZnpkUXloRUFQd2VxYy8zRjFJeU1hSmVJZHdiQUV5ZGx0QmhkclVXSk9obGt5WURpZFBQekgxQXR4enJVRGlnVTFpdFFvcG1DZlI0SWdNMHdoUkI5OEhjTEQ4Zk84Wm9BMklFZG9lY1lienNvNktwY2hKd0JuVGoxeE1KN3NYQms0clV4WWJEakhQWlVKdjk1NU1ScGdad0cvN2lEbTFJdnN3NEtWeHB2MXFVTGc4Rjk1THc9PQ==: 404 Not Found
    at VSEmbedExtractor.fetchPage (file:///Users/aniskedidi/Documents/perso/AnisFlix/api/_services/universalvo/extractors/VSEmbedExtractor.js:93:19)
    at process.processTicksAndRejections (node:internal/process/task_queues:105:5)
    at async VSEmbedExtractor.processCloudnestra (file:///Users/aniskedidi/Documents/perso/AnisFlix/api/_services/universalvo/extractors/VSEmbedExtractor.js:57:28)
    at async VSEmbedExtractor.extract (file:///Users/aniskedidi/Documents/perso/AnisFlix/api/_services/universalvo/extractors/VSEmbedExtractor.js:24:28)
    at async file:///Users/aniskedidi/Documents/perso/AnisFlix/scripts/test_vsembed_extractor.js:8:24
